TestConcurrentTimerUsage in pkg/common/timer/timer_test.go: panic: BUG: active timer trapped into initTimer()
